{"id": 1, "output": [{"answer": "test1", "provenance": [{"wikipedia_id":1,"section":1,"start_paragraph_id":"1","end_paragraph_id":1},{"wikipedia_id":"2","section":2,"start_paragraph_id":2,"end_paragraph_id":2}]},{"answer": "test2", "provenance": [{"wikipedia_id":5,"section":5,"start_paragraph_id":"5","end_paragraph_id":5}]},{"answer": "test3", "provenance": [{"wikipedia_id":7,"section":7,"start_paragraph_id":7,"end_paragraph_id":7},{"wikipedia_id":9,"section":9,"start_paragraph_id":"9","end_paragraph_id":9},{"wikipedia_id":11,"section":11,"start_paragraph_id":11,"end_paragraph_id":11}]}]}