{"id": 1, "output": [{"answer": "this page includes the show transcript use the transcript to help students with reading comprehension and     vocabulary at the bottom of the page , comment for a chance to be mentioned on cnn student news . you must be a teac    her or a student age # # or older to request a mention on the cnn student news roll call . the weekly newsquiz tests     students ' knowledge of even ts in the news", "provenance": [{"wikipedia_id": "1"}]}]}
{"id": 2, "output": [{"answer": "this page includes the show transcript use the transcript to help students with reading comprehension and     vocabulary at the bottom of the page , comment for a chance to be mentioned on cnn student news . you must be a teac    her or a student age # # or older to request a mention on the cnn student news roll call . the weekly newsquiz tests     students ' knowledge of even ts in the news", "provenance": [{"wikipedia_id": "1"}]}]}
