{"id": 1, "input": "In one word, how did Chen Yi-hsiung die?", "meta": {"wikidata_relation": "manner of death", "question_template": "In one word, how did XXX die?"}, "output": [{"answer": "suicide", "provenance": [{"wikipedia_id": "10287141", "title": "Chen Yi-hsiung", "start_paragraph_id": 5, "start_character": 190, "end_paragraph_id": 5, "end_character": 197, "bleu_score": 1.0, "meta": {}}]}]}
{"id": 2, "input": "In one word, how did Chen Yi-hsiung die?", "meta": {"wikidata_relation": "manner of death", "question_template": "In one word, how did XXX die?"}, "output": [{"answer": "a suicide", "provenance": [{"wikipedia_id": "999", "title": "Chen Yi-hsiung", "start_paragraph_id": 5, "start_character": 190, "end_paragraph_id": 5, "end_character": 197, "bleu_score": 1.0, "meta": {}}]}]}
{"id": 3, "input": "In one word, how did Chen Yi-hsiung die?", "meta": {"wikidata_relation": "manner of death", "question_template": "In one word, how did XXX die?"}, "output": [{"answer": "suicide", "provenance": [{"wikipedia_id": "999", "title": "Chen Yi-hsiung", "start_paragraph_id": 5, "start_character": 190, "end_paragraph_id": 5, "end_character": 197, "bleu_score": 1.0, "meta": {}}]}]}
