{"id": 1, "output": [{"provenance": [{"wikipedia_id":2,"section":2,"start_paragraph_id":2,"end_paragraph_id":2},{"wikipedia_id":5,"section":5,"start_paragraph_id":5,"end_paragraph_id":5},{"wikipedia_id":"7","section":7,"start_paragraph_id":"7","end_paragraph_id":7},{"wikipedia_id":33,"section":33,"start_paragraph_id":33,"end_paragraph_id":"33"},{"wikipedia_id":1,"section":"1","start_paragraph_id":1,"end_paragraph_id":1},{"wikipedia_id":9,"section":9,"start_paragraph_id":9,"end_paragraph_id":"9"},{"wikipedia_id":44,"section":44,"start_paragraph_id":44,"end_paragraph_id":44},{"wikipedia_id":"88","section":88,"start_paragraph_id":88,"end_paragraph_id":88}]}]}