{"id": 1, "output": [{"provenance": [{"wikipedia_id":5,"section":5,"start_paragraph_id":5,"end_paragraph_id":5}]}]}